{
'project:alexandria-plsql-utils/demos/02_create_temp_directory.sql':[
4,
],
'project:alexandria-plsql-utils/demos/string_util_pkg_demo.sql':[
39,
],
'project:alexandria-plsql-utils/extras/as_pdf3.pkb':[
3245,
],
'project:alexandria-plsql-utils/extras/as_pdf3.pks':[
285,
],
'project:alexandria-plsql-utils/setup/grants.sql':[
5,
],
'project:utPLSQL/examples/filepath1.pkg':[
104,
],
'project:utPLSQL/examples/mybooks_setup.sql':[
17,
],
'project:utPLSQL/examples/str2list.pkg':[
62,
],
'project:utPLSQL/source/ut_assertion.tab':[
33,
],
'project:utPLSQL/source/ut_config.pkb':[
680,
],
'project:utPLSQL/source/ut_gen.pkb':[
222,
],
'project:utPLSQL/source/ut_i_preprocess.sql':[
23,
],
'project:utPLSQL/source/ut_i_synonyms.sql':[
24,
],
'project:utPLSQL/source/ut_outcome.tab':[
22,
],
'project:utPLSQL/source/ut_package.tab':[
21,
],
'project:utPLSQL/source/ut_receq.tab':[
12,
],
'project:utPLSQL/source/ut_suite.tab':[
17,
],
'project:utPLSQL/source/ut_test.tab':[
14,
],
'project:utPLSQL/source/ut_testcase.tab':[
25,
],
}
